# t_rel rawcounts delta velocity arc_volts torch_on arc_ok
0.006 222705 0 3128.259 0 ==> <==
0.099 222987 282 3128.259 0 ==> <==
0.181 223243 256 3128.259 0 ==> <==
0.263 223519 276 3127.443 0 ==> <==
0.352 223778 259 3134.796 0 ==> <==
0.435 224057 279 3128.259 0 ==> <==
0.531 224338 281 3128.259 0 ==> <==
0.615 224601 263 3131.524 0 ==> <==
0.697 224883 282 3128.259 0 ==> <==
0.787 225155 272 3134.796 0 ==> <==
0.876 225418 263 3128.259 0 ==> <==
0.959 225677 259 3128.259 0 ==> <==
1.044 225946 269 3125 0 ==> <==
1.127 226203 257 3131.524 0 ==> <==
1.208 226459 256 3128.259 0 ==> <==
1.291 226722 263 3138.075 0.12 ==> <==
1.376 226985 263 3128.259 0 ==> <==
1.462 227248 263 3128.259 0 ==> <==
1.543 227508 260 3125 0 ==> <==
1.626 227761 253 3125 0 ==> <==
1.708 228021 260 3131.524 0 ==> <==
1.790 228284 263 3129.89 0 ==> <==
1.876 228543 259 3134.796 0 ==> <==
1.958 228800 257 3128.259 0 ==> <==
2.040 229059 259 3128.259 0 ==> <==
2.121 229310 251 3128.259 0 ==> <==
2.202 229566 256 3128.259 0 ==> <==
2.283 229820 254 3121.748 0 ==> <==
2.365 230076 256 3125 0 ==> <==
2.447 230349 273 3127.443 0 ==> <==
2.535 230605 256 3134.796 0 ==> <==
2.616 230865 260 3128.259 0 ==> <==
2.699 231128 263 3131.524 0 ==> <==
2.783 231384 256 3125 0 ==> <==
2.867 231647 263 3128.259 0 ==> <==
2.948 231900 253 3128.259 0 ==> <==
3.032 232163 263 3128.259 0 ==> <==
3.114 232426 263 3131.524 0 ==> <==
3.197 232686 260 3128.259 0 ==> <==
3.282 232942 256 3131.524 0 ==> <==
3.365 233205 263 3125 0 ==> <==
3.446 233474 269 3131.524 0 ==> <==
3.533 233734 260 3134.796 0 ==> <==
3.614 233987 253 3134.796 0 ==> <==
3.698 234253 266 3128.259 0 ==> <==
3.783 234516 263 3121.748 0 ==> <==
3.868 234779 263 3131.524 0 ==> <==
3.950 235042 263 3128.259 0 ==> <==
4.033 235292 250 3128.259 0 ==> <==
4.114 235549 257 3134.796 0 ==> <==
4.195 235811 262 3128.259 0 ==> <==
4.280 236068 257 3128.259 0 ==> <==
4.364 236331 263 3125 0 ==> <==
4.446 236603 272 3128.259 0 ==> <==
4.534 236863 260 3134.796 0 ==> <==
4.620 237129 266 3128.259 0 ==> <==
4.703 237398 269 3121.748 0 ==> <==
4.787 237654 256 3125 0 ==> <==
4.870 237917 263 3128.259 0 ==> <==
4.953 238174 257 3128.259 0 ==> <==
5.035 238430 256 3134.796 0 ==> <==
5.118 238690 260 3131.524 0 ==> <==
5.200 238956 266 3128.259 0 ==> <==
5.285 239216 260 3122.56 0 ==> <==
5.383 239544 328 3128.259 0 ==> <==
5.474 239804 260 3131.524 0 ==> <==
5.555 240060 256 3134.796 0 ==> <==
5.637 240317 257 3131.524 0 ==> <==
5.720 240570 253 3128.259 0 ==> <==
5.801 240836 266 3128.259 0 ==> <==
5.886 241093 257 3121.748 0 ==> <==
5.969 241359 266 3128.259 0 ==> <==
6.052 241612 253 3128.259 0 ==> <==
6.134 241869 257 3125 0 ==> <==
6.215 242125 256 3134.796 0 ==> <==
6.298 242388 263 3128.259 0 ==> <==
6.382 242648 260 3131.524 0 ==> <==
6.467 242907 259 3121.748 0 ==> <==
6.548 243164 257 3125 0 ==> <==
6.631 243424 260 3128.259 0 ==> <==
6.713 243680 256 3128.259 0 ==> <==
6.795 243934 254 3128.259 0 ==> <==
6.878 244196 262 3131.524 0 ==> <==
6.960 244450 254 3128.259 0 ==> <==
7.045 244719 269 3128.259 0 ==> <==
7.127 244975 256 3125 0 ==> <==
7.209 245241 266 3128.259 0 ==> <==
7.295 245504 263 3134.796 0 ==> <==
7.380 245767 263 3128.259 0 ==> <==
7.464 246030 263 3126.628 0 ==> <==
7.545 246283 253 3128.259 0 ==> <==
7.627 246540 257 3121.748 0 ==> <==
7.709 246803 263 3129.89 0 ==> <==
7.793 247056 253 3128.259 0 ==> <==
7.876 247319 263 3134.796 0 ==> <==
7.957 247578 259 3131.524 0 ==> <==
8.042 247835 257 3128.259 0 ==> <==
8.123 248095 260 3128.259 0 ==> <==
8.205 248364 269 3128.259 0 ==> <==
8.293 248623 259 3128.259 0 ==> <==
8.380 248899 276 3128.259 0 ==> <==
8.464 249162 263 3129.89 0 ==> <==
8.548 249431 269 3131.524 0 ==> <==
8.636 249693 262 3128.259 0 ==> <==
8.721 249962 269 3128.259 0 ==> <==
8.802 250225 263 3131.524 0 ==> <==
8.887 250482 257 3121.748 0 ==> <==
8.969 250742 260 3129.89 0 ==> <==
9.054 251001 259 3128.259 0 ==> <==
9.135 251258 257 3128.259 0 ==> <==
9.217 251514 256 3134.796 0 ==> <==
9.311 251824 310 3131.524 0 ==> <==
9.404 252147 323 3132.341 0 ==> <==
9.514 252469 322 3128.259 0 ==> <==
9.609 252747 278 3128.259 0 ==> <==
9.693 253007 260 3128.259 0 ==> <==
9.778 253273 266 3131.524 0 ==> <==
9.863 253532 259 3128.259 0 ==> <==
9.944 253792 260 3128.259 0 ==> <==
10.027 254052 260 3121.748 0 ==> <==
10.109 254305 253 3125 0 ==> <==
10.190 254559 254 3128.259 0 ==> <==
10.274 254834 275 3134.796 0 ==> <==
10.360 255109 275 3128.259 0 ==> <==
10.451 255388 279 3128.259 0 ==> <==
10.539 255654 266 3128.259 0 ==> <==
10.622 255916 262 3128.259 0 ==> <==
10.709 256220 304 3128.259 0 ==> <==
10.803 256477 257 3127.443 0 ==> <==
10.889 256774 297 3131.524 0 ==> <==
10.989 257093 319 3128.259 0 ==> <==
11.096 257415 322 3128.259 0 ==> <==
11.192 257806 391 3125 0 ==> <==
11.323 258169 363 3131.524 0 ==> <==
11.458 258554 385 3125 0 ==> <==
11.560 258883 329 3129.89 0 ==> <==
11.666 259261 378 3128.259 0 ==> <==
11.780 259552 291 3128.259 0 ==> <==
11.885 259878 326 3127.443 0 ==> <==
11.990 260225 347 3128.259 0 ==> <==
12.097 260594 369 3131.524 0 ==> <==
12.218 260973 379 3129.89 0 ==> <==
12.343 261386 413 3129.89 0 ==> <==
12.469 261714 328 3131.524 0 ==> <==
12.573 262036 322 3129.89 0 ==> <==
12.673 262381 345 3125 0 ==> <==
12.790 262768 387 3128.259 0 ==> <==
12.912 263106 338 3128.259 0 ==> <==
13.016 263425 319 3128.259 0 ==> <==
13.109 263716 291 3131.524 0 ==> <==
13.205 264010 294 3128.259 0 ==> <==
13.299 264320 310 3125 0 ==> <==
13.407 264655 335 3128.259 0 ==> <==
13.520 264990 335 3131.524 0 ==> <==
13.620 265346 356 3134.796 0 ==> <==
13.737 265700 354 3125 0 ==> <==
13.848 266035 335 3134.796 0 ==> <==
13.951 266369 334 3128.259 0 ==> <==
14.057 266695 326 3120.125 0 ==> <==
14.171 267086 391 3128.259 0 ==> <==
14.285 267424 338 3128.259 0 ==> <==
14.395 267752 328 3131.524 0 ==> <==
14.499 268074 322 3125 0 ==> <==
14.609 268437 363 3128.259 0 ==> <==
14.718 268756 319 3125 0 ==> <==
14.822 269082 326 3131.524 0 ==> <==
14.926 269423 341 3131.524 0 ==> <==
15.029 269717 294 3128.259 0 ==> <==
15.124 270030 313 3128.259 0 ==> <==
15.225 270352 322 3134.796 0 ==> <==
15.332 270696 344 3121.748 0 ==> <==
15.440 271040 344 3131.524 0 ==> <==
15.554 271375 335 3128.259 0 ==> <==
15.663 271734 359 3134.796 0 ==> <==
15.782 272113 379 3131.524 0 ==> <==
15.892 272454 341 3125 0 ==> <==
16.004 272770 316 3125 0 ==> <==
16.109 273099 329 3125 0 ==> <==
16.210 273440 341 3128.259 0 ==> <==
16.319 273849 409 3128.259 0 ==> <==
16.465 274278 429 3131.524 0 ==> <==
16.593 274653 375 3128.259 0 ==> <==
16.705 275019 366 3121.748 0 ==> <==
16.823 275351 332 3128.259 0 ==> <==
16.937 275705 354 3120.125 -0.103 ==> <==
17.046 276027 322 3128.259 0 ==> <==
17.153 276355 328 3128.259 0 ==> <==
17.248 276699 344 3131.524 0 ==> <==
17.364 277072 373 3128.259 0 ==> <==
17.484 277406 334 3128.259 0 ==> <==
17.586 277747 341 3128.259 0 ==> <==
17.702 278123 376 3128.259 0 ==> <==
17.819 278476 353 3128.259 0 ==> <==
17.944 278830 354 3125 0 ==> <==
18.053 279174 344 3134.796 0 ==> <==
18.153 279530 356 3128.259 0 ==> <==
18.271 279900 370 3125 0 ==> <==
18.386 280244 344 3131.524 0 ==> <==
18.501 280600 356 3128.259 0 ==> <==
18.607 280938 338 3128.259 0 ==> <==
18.721 281304 366 3134.796 0 ==> <==
18.833 281642 338 3131.524 0 ==> <==
18.941 281968 326 3125 0 ==> <==
19.042 282315 347 3128.259 0 ==> <==
19.154 282662 347 3128.259 0 ==> <==
19.262 282965 303 3121.748 0 ==> <==
19.358 283288 323 3128.259 0 ==> <==
19.467 283647 359 3128.259 0 ==> <==
19.580 283948 301 3128.259 0 ==> <==
19.690 284311 363 3134.796 0 ==> <==
19.793 284633 322 3128.259 0 ==> <==
19.897 284974 341 3128.259 0 ==> <==
20.014 285374 400 3134.796 0 ==> <==
20.133 285694 320 3129.89 0 ==> <==
20.239 286031 337 3121.748 0 ==> <==
20.339 286347 316 3125 0 ==> <==
20.455 286707 360 3128.259 0 ==> <==
20.559 287036 329 3125 0 ==> <==
20.670 287364 328 3125 0 ==> <==
20.772 287712 348 3129.89 0 ==> <==
20.882 288056 344 3127.443 0 ==> <==
20.988 288372 316 3134.796 0 ==> <==
21.093 288738 366 3129.89 0 ==> <==
21.207 289088 350 3125 0 ==> <==
21.321 289463 375 3128.259 0 ==> <==
21.441 289770 307 3128.259 0 ==> <==
21.544 290130 360 3131.524 0 ==> <==
21.656 290468 338 3121.748 0 ==> <==
21.765 290893 425 3125 0 ==> <==
21.906 291253 360 3134.796 0 ==> <==
22.016 291616 363 3125 0 ==> <==
22.132 291941 325 3134.796 0 ==> <==
22.236 292270 329 3128.259 0 ==> <==
22.340 292623 353 3125 0 ==> <==
22.461 293067 444 3134.796 0 ==> <==
22.588 293406 339 3127.443 0 ==> <==
22.702 293756 350 3134.796 0 ==> <==
22.814 294072 316 3131.524 0 ==> <==
22.914 294441 369 3134.796 0 ==> <==
23.027 294782 341 3128.259 0 ==> <==
23.149 295132 350 3134.796 0 ==> <==
23.252 295436 304 3128.259 0 ==> <==
23.347 295765 329 3129.89 0 ==> <==
23.457 296137 372 3131.524 0 ==> <==
23.571 296450 313 3131.524 0 ==> <==
23.670 296753 303 3131.524 0 ==> <==
23.769 297079 326 3127.443 0 ==> <==
23.873 297398 319 3131.524 0 ==> <==
23.982 297723 325 3125 0 ==> <==
24.079 298080 357 3128.259 0 ==> <==
24.197 298405 325 3128.259 0 ==> <==
24.293 298699 294 3131.524 0 ==> <==
24.399 299053 354 3128.259 0 ==> <==
24.504 299431 378 3128.259 0 ==> <==
24.623 299725 294 3125 0 ==> <==
24.737 300098 373 3128.259 0 ==> <==
24.836 300429 331 3128.259 0 ==> <==
24.950 300773 344 3128.259 0 ==> <==
25.068 301146 373 3128.259 0 ==> <==
25.182 301490 344 3128.259 0 ==> <==
25.291 301837 347 3128.259 0 ==> <==
25.398 302191 354 3128.259 0 ==> <==
25.511 302541 350 3121.748 0 ==> <==
25.627 302917 376 3121.748 0 ==> <==
25.742 303245 328 3128.259 0 ==> <==
25.857 303592 347 3128.259 0 ==> <==
25.958 303946 354 3131.524 0 ==> <==
26.075 304315 369 3128.259 0 ==> <==
26.194 304681 366 3131.524 0 ==> <==
26.300 305025 344 3128.259 0 ==> <==
26.425 305395 370 3131.524 0 ==> <==
26.538 305720 325 3128.259 0 ==> <==
26.651 306089 369 3128.259 0 ==> <==
26.757 306424 335 3125 0 ==> <==
26.869 306821 397 3128.259 0 ==> <==
26.995 307197 376 3128.259 0 ==> <==
27.135 307588 391 3126.628 0 ==> <==
27.228 307897 309 3131.524 0 ==> <==
27.330 308226 329 3128.259 0 ==> <==
27.451 308573 347 3131.524 0 ==> <==
27.570 308955 382 3134.796 0 ==> <==
27.671 309318 363 3128.259 0 ==> <==
27.783 309659 341 3128.259 0 ==> <==
27.898 309990 331 3125 0 ==> <==
28.018 310369 379 3128.259 0 ==> <==
28.118 310703 334 3134.796 0 ==> <==
28.230 311020 317 3132.341 0 ==> <==
28.326 311304 284 3125 0 ==> <==
28.428 311664 360 3128.259 0 ==> <==
28.550 312017 353 3131.524 0 ==> <==
28.655 312362 345 3122.56 0 ==> <==
28.755 312690 328 3128.259 0 ==> <==
28.862 313028 338 3128.259 0 ==> <==
28.965 313319 291 3128.259 0 ==> <==
29.065 313626 307 3127.443 0 ==> <==
29.158 313929 303 3125 0 ==> <==
29.265 314254 325 3128.259 0 ==> <==
29.375 314611 357 3121.748 0 ==> <==
29.488 314993 382 3122.56 0 ==> <==
29.598 315352 359 3128.259 0 ==> <==
29.723 315687 335 3131.524 0 ==> <==
29.831 316031 344 3125 0 ==> <==
29.932 316341 310 3128.259 0 ==> <==
30.033 316673 332 3125 0 ==> <==
30.137 317007 334 3128.259 0 ==> <==
30.238 317314 307 3128.259 0 ==> <==
30.338 317633 319 3128.259 0 ==> <==
30.444 317952 319 3128.259 0 ==> <==
30.555 318296 344 3128.259 0 ==> <==
30.654 318622 326 3127.443 0 ==> <==
30.759 318969 347 3128.259 0 ==> <==
30.876 319291 322 3128.259 0 ==> <==
30.986 319638 347 3128.259 0 ==> <==
31.083 319973 335 3128.259 0 ==> <==
31.194 320308 335 3125 0 ==> <==
31.312 320664 356 3128.259 0 ==> <==
31.414 320977 313 3128.259 0 ==> <==
31.514 321287 310 3128.259 0 ==> <==
31.621 321622 335 3128.259 0 ==> <==
31.735 322000 378 3128.259 0 ==> <==
31.846 322338 338 3131.524 0 ==> <==
31.944 322654 316 3131.524 0 ==> <==
32.045 322958 304 3134.796 0 ==> <==
32.148 323305 347 3121.748 0 ==> <==
32.270 323724 419 3128.259 0 ==> <==
32.385 324037 313 3128.259 0 ==> <==
32.499 324397 360 3134.796 0 ==> <==
32.609 324769 372 3131.524 0 ==> <==
32.736 325144 375 3128.259 0 ==> <==
32.852 325542 398 3128.259 0 ==> <==
32.975 325886 344 3128.259 0 ==> <==
33.095 326239 353 3125 0 ==> <==
33.192 326543 304 3128.259 0 ==> <==
33.293 326881 338 3128.259 0 ==> <==
33.398 327178 297 3125 0 ==> <==
33.497 327500 322 3125 0 ==> <==
33.604 327872 372 3125 0 ==> <==
33.713 328204 332 3128.259 0 ==> <==
33.838 328567 363 3131.524 0 ==> <==
33.948 328917 350 3128.259 0 ==> <==
34.050 329268 351 3128.259 0 ==> <==
34.168 329621 353 3121.748 0 ==> <==
34.282 329987 366 3128.259 0 ==> <==
34.404 330334 347 3128.259 0 ==> <==
34.503 330666 332 3126.628 0 ==> <==
34.611 331010 344 3128.259 0 ==> <==
34.722 331336 326 3134.796 0 ==> <==
34.837 331698 362 3128.259 0 ==> <==
34.936 331999 301 3125 0 ==> <==
35.032 332305 306 3121.748 0 ==> <==
35.131 332612 307 3128.259 0 ==> <==
35.240 332947 335 3128.259 0 ==> <==
35.345 333325 378 3128.259 0 ==> <==
35.465 333722 397 3131.524 0 ==> <==
35.592 334060 338 3121.748 0 ==> <==
35.698 334386 326 3131.524 0 ==> <==
35.796 334714 328 3134.796 0 ==> <==
35.904 335027 313 3134.796 0 ==> <==
36.000 335324 297 3128.259 0 ==> <==
36.102 335684 360 3121.748 0 ==> <==
36.219 336044 360 3128.259 0 ==> <==
36.340 336397 353 3128.259 0 ==> <==
36.462 336807 410 3125 0 ==> <==
36.598 337211 404 3128.259 0 ==> <==
36.706 337530 319 3134.796 0 ==> <==
36.801 337865 335 3129.89 0 ==> <==
36.918 338202 337 3128.259 -0.012 ==> <==
37.025 338543 341 3128.259 0 ==> <==
37.128 338888 345 3128.259 0 ==> <==
37.238 339254 366 3125 0 ==> <==
37.362 339629 375 3125 0 ==> <==
37.479 340001 372 3125 0 ==> <==
37.613 340380 379 3128.259 0 ==> <==
37.722 340743 363 3128.259 0 ==> <==
37.831 341077 334 3128.259 0 ==> <==
37.935 341384 307 3128.259 0 ==> <==
38.032 341731 347 3125 0 ==> <==
38.146 342091 360 3134.796 0 ==> <==
38.267 342432 341 3125 0 ==> <==
38.372 342786 354 3131.524 0 ==> <==
38.486 343120 334 3128.259 0 ==> <==
38.592 343443 323 3125 0 ==> <==
38.693 343787 344 3131.524 0 ==> <==
38.801 344133 346 3350.084 2.679 ==> <==
38.911 344471 338 3340.757 2.633 ==> <==
39.007 344799 328 3347.28 2.679 ==> <==
39.110 345109 310 3351.955 2.749 ==> <==
39.194 345390 281 3344.482 2.679 ==> <==
39.277 345681 291 3344.482 2.679 ==> <==
39.364 345958 277 2339.181 -9.786 ==> <==
39.448 346048 90 1506.024 -20.117 ==> <==
39.530 346284 236 8653.846 68.516 ==> <==
39.617 346468 184 25.93866 -38.462 ==> <==
39.705 346468 0 8.223853 -38.69 ==> <==
39.792 346468 0 4.794806 -38.733 ==> <==
39.881 346468 0 3.315694 -38.751 ==> <==
39.976 346468 0 2.521566 -38.761 ==> <==
40.068 346468 0 2.063739 -38.767 ==> <==
40.159 346468 0 0 -38.792 ==> <==
40.259 346468 0 0 -38.792 ==> <==
40.368 346468 0 0 -38.792 ==> <==
40.482 346468 0 0 -38.792 ==> <==
40.601 346468 0 0 -38.792 ==> <==
40.700 346468 0 0 -38.792 ==> <==
40.789 346468 0 0 -38.792 ==> <==
40.887 346468 0 0 -38.792 ==> <==
40.978 346468 0 0 -38.792 ==> <==
41.086 346468 0 0 -38.792 ==> <==
41.196 346468 0 0 -38.792 ==> <==
41.294 346729 261 3134.796 0 ==> <==
41.381 347034 305 3131.524 0 ==> <==
41.486 347404 370 3141.361 0 ==> <==
41.616 347811 407 3141.361 0 ==> <==
41.749 348213 402 3147.954 0.242 ==> <==
41.861 348536 323 3131.524 0 ==> <==
41.967 348862 326 3128.259 0 ==> <==
42.067 349185 323 3141.361 0.14 ==> <==
42.178 349561 376 3144.654 0.202 ==> <==
42.290 349915 354 3131.524 0 ==> <==
42.418 350282 367 3147.954 0.242 ==> <==
42.528 350633 351 3138.075 0 ==> <==
42.628 350947 314 3134.796 0 ==> <==
42.729 351245 298 3129.89 0 ==> <==
42.851 351636 391 3134.796 0 ==> <==
42.951 351988 352 3129.89 0 ==> <==
43.062 352292 304 3141.361 0.161 ==> <==
43.165 352612 320 3129.89 0 ==> <==
43.260 352928 316 3128.259 0 ==> <==
43.368 353298 370 3134.796 0 ==> <==
43.489 353624 326 3131.524 0 ==> <==
43.600 353966 342 3128.259 0 ==> <==
43.694 354292 326 3151.261 0.283 ==> <==
43.796 354643 351 3138.075 0 ==> <==
43.916 354988 345 3141.361 0.161 ==> <==
44.021 355292 304 3147.954 0.242 ==> <==
44.119 355618 326 3131.524 0 ==> <==
44.230 356004 386 3128.259 0 ==> <==
44.352 356342 338 3128.259 0.242 ==> <==
44.479 356750 408 3131.524 0 ==> <==
44.581 357051 301 3147.954 0.242 ==> <==
44.683 357412 361 3127.443 0 ==> <==
44.797 357791 379 3125 0 ==> <==
44.917 358105 314 3127.443 0 ==> <==
45.011 358409 304 3128.259 0 ==> <==
45.113 358763 354 3128.259 0 ==> <==
45.230 359108 345 3128.259 0 ==> <==
45.350 359472 364 3132.341 0 ==> <==
45.469 359838 366 3141.361 0.14 ==> <==
45.564 360158 320 3138.075 0.161 ==> <==
45.666 360475 317 3131.524 0 ==> <==
45.767 360773 298 3134.796 0 ==> <==
45.870 361096 323 3141.361 0.161 ==> <==
45.970 361450 354 3131.524 0 ==> <==
46.082 361801 351 3128.259 0 ==> <==
46.199 362133 332 3134.796 0 ==> <==
46.308 362484 351 3128.259 0 ==> <==
46.411 362797 313 3131.524 0 ==> <==
46.511 363147 350 3131.524 0 ==> <==
46.629 363495 348 3128.259 0 ==> <==
46.744 363861 366 3128.259 0 ==> <==
46.848 364149 288 3128.259 0 ==> <==
46.944 364471 322 3121.748 0 ==> <==
47.053 364831 360 3128.259 0 ==> <==
47.176 365190 359 3134.796 0 ==> <==
47.290 365550 360 3128.259 0 ==> <==
47.396 365860 310 3128.259 0 ==> <==
47.492 366232 372 3128.259 0 ==> <==
47.668 366767 535 3128.259 0 ==> <==
47.780 367102 335 3125 0 ==> <==
47.886 367415 313 3125 0 ==> <==
47.989 367756 341 3131.524 0 ==> <==
48.095 368062 306 3134.796 0 ==> <==
48.215 368441 379 3134.796 0 ==> <==
48.330 368804 363 3128.259 0 ==> <==
48.429 369098 294 3125 0 ==> <==
48.529 369458 360 3128.259 0 ==> <==
48.645 369805 347 3128.259 0 ==> <==
48.750 370105 300 3128.259 0 ==> <==
48.844 370409 304 3121.748 0 ==> <==
48.943 370731 322 3128.259 0 ==> <==
49.046 371041 310 3125 0 ==> <==
49.157 371382 341 3134.796 0 ==> <==
49.258 371729 347 3128.259 0 ==> <==
49.363 372060 331 3128.259 0 ==> <==
49.481 372395 335 3128.259 0 ==> <==
49.592 372752 357 3134.796 0 ==> <==
49.694 373052 300 3128.259 0 ==> <==
49.794 373390 338 3128.259 0 ==> <==
49.897 373712 322 3128.259 0 ==> <==
50.003 374035 323 3122.56 0 ==> <==
50.101 374382 347 3134.796 0 ==> <==
50.226 374723 341 3121.748 0 ==> <==
50.338 375070 347 3131.524 0 ==> <==
50.436 375380 310 3134.796 0 ==> <==
50.533 375708 328 3128.259 0 ==> <==
50.646 376040 332 3125 0 ==> <==
50.756 376403 363 3131.524 0 ==> <==
50.861 376741 338 3128.259 0 ==> <==
